--------------------------------------------------------------------------------
Release 10.1 Trace  (nt)
Copyright (c) 1995-2008 Xilinx, Inc.  All rights reserved.

C:\Xilinx\10.1\ISE\bin\nt\unwrapped\trce.exe -ise
C:/Documents and Settings/student/Desktop/ALU/ALU2/ALU2.ise -intstyle ise -e 3
-s 4 -xml ALU2 ALU2.ncd -o ALU2.twr ALU2.pcf

Design file:              ALU2.ncd
Physical constraint file: ALU2.pcf
Device,package,speed:     xc3s700a,fg484,-4 (PRODUCTION 1.39 2008-01-09)
Report level:             error report

Environment Variable      Effect 
--------------------      ------ 
NONE                      No environment variables were set
--------------------------------------------------------------------------------

INFO:Timing:2698 - No timing constraints found, doing default enumeration.
INFO:Timing:2752 - To get complete path coverage, use the unconstrained paths 
   option. All paths that are not constrained will be reported in the 
   unconstrained paths section(s) of the report.
INFO:Timing:3339 - The clock-to-out numbers in this timing report are based on 
   a 50 Ohm transmission line loading model.  For the details of this model, 
   and for more information on accounting for different loading conditions, 
   please see the device datasheet.



Data Sheet report:
-----------------
All values displayed in nanoseconds (ns)

Pad to Pad
---------------+---------------+---------+
Source Pad     |Destination Pad|  Delay  |
---------------+---------------+---------+
A<0>           |O<0>           |   12.855|
A<0>           |O<1>           |   14.877|
A<0>           |O<2>           |   13.902|
A<0>           |O<3>           |   14.428|
A<0>           |O<4>           |   15.071|
A<0>           |O<5>           |   13.412|
A<0>           |O<6>           |   15.464|
A<0>           |O<7>           |   15.013|
A<0>           |O<8>           |   15.073|
A<0>           |O<9>           |   14.083|
A<0>           |O<10>          |   14.594|
A<0>           |O<11>          |   15.389|
A<0>           |O<12>          |   15.292|
A<0>           |O<13>          |   15.670|
A<0>           |O<14>          |   15.042|
A<0>           |O<15>          |   16.678|
A<0>           |O<16>          |   15.872|
A<0>           |O<17>          |   15.260|
A<0>           |O<18>          |   16.056|
A<0>           |O<19>          |   18.243|
A<0>           |O<20>          |   16.299|
A<0>           |O<21>          |   16.899|
A<0>           |O<22>          |   15.135|
A<0>           |O<23>          |   15.815|
A<0>           |O<24>          |   15.587|
A<0>           |O<25>          |   15.298|
A<0>           |O<26>          |   14.843|
A<0>           |O<27>          |   15.639|
A<0>           |O<28>          |   15.226|
A<0>           |O<29>          |   16.226|
A<0>           |O<30>          |   16.197|
A<0>           |O<31>          |   16.135|
A<1>           |O<1>           |   13.674|
A<1>           |O<2>           |   13.167|
A<1>           |O<3>           |   13.693|
A<1>           |O<4>           |   14.336|
A<1>           |O<5>           |   12.677|
A<1>           |O<6>           |   14.729|
A<1>           |O<7>           |   14.278|
A<1>           |O<8>           |   14.338|
A<1>           |O<9>           |   13.348|
A<1>           |O<10>          |   13.859|
A<1>           |O<11>          |   14.654|
A<1>           |O<12>          |   14.557|
A<1>           |O<13>          |   14.935|
A<1>           |O<14>          |   14.307|
A<1>           |O<15>          |   15.943|
A<1>           |O<16>          |   15.137|
A<1>           |O<17>          |   14.525|
A<1>           |O<18>          |   15.321|
A<1>           |O<19>          |   17.508|
A<1>           |O<20>          |   15.564|
A<1>           |O<21>          |   16.164|
A<1>           |O<22>          |   14.400|
A<1>           |O<23>          |   15.080|
A<1>           |O<24>          |   14.852|
A<1>           |O<25>          |   14.563|
A<1>           |O<26>          |   14.108|
A<1>           |O<27>          |   14.904|
A<1>           |O<28>          |   14.491|
A<1>           |O<29>          |   15.491|
A<1>           |O<30>          |   15.462|
A<1>           |O<31>          |   15.400|
A<2>           |O<2>           |   12.682|
A<2>           |O<3>           |   13.682|
A<2>           |O<4>           |   14.401|
A<2>           |O<5>           |   12.742|
A<2>           |O<6>           |   14.794|
A<2>           |O<7>           |   14.343|
A<2>           |O<8>           |   14.403|
A<2>           |O<9>           |   13.413|
A<2>           |O<10>          |   13.924|
A<2>           |O<11>          |   14.719|
A<2>           |O<12>          |   14.622|
A<2>           |O<13>          |   15.000|
A<2>           |O<14>          |   14.372|
A<2>           |O<15>          |   16.008|
A<2>           |O<16>          |   15.202|
A<2>           |O<17>          |   14.590|
A<2>           |O<18>          |   15.386|
A<2>           |O<19>          |   17.573|
A<2>           |O<20>          |   15.629|
A<2>           |O<21>          |   16.229|
A<2>           |O<22>          |   14.465|
A<2>           |O<23>          |   15.145|
A<2>           |O<24>          |   14.917|
A<2>           |O<25>          |   14.628|
A<2>           |O<26>          |   14.173|
A<2>           |O<27>          |   14.969|
A<2>           |O<28>          |   14.556|
A<2>           |O<29>          |   15.556|
A<2>           |O<30>          |   15.527|
A<2>           |O<31>          |   15.465|
A<3>           |O<3>           |   13.552|
A<3>           |O<4>           |   14.739|
A<3>           |O<5>           |   13.080|
A<3>           |O<6>           |   15.132|
A<3>           |O<7>           |   14.681|
A<3>           |O<8>           |   14.741|
A<3>           |O<9>           |   13.751|
A<3>           |O<10>          |   14.262|
A<3>           |O<11>          |   15.057|
A<3>           |O<12>          |   14.960|
A<3>           |O<13>          |   15.338|
A<3>           |O<14>          |   14.710|
A<3>           |O<15>          |   16.346|
A<3>           |O<16>          |   15.540|
A<3>           |O<17>          |   14.928|
A<3>           |O<18>          |   15.724|
A<3>           |O<19>          |   17.911|
A<3>           |O<20>          |   15.967|
A<3>           |O<21>          |   16.567|
A<3>           |O<22>          |   14.803|
A<3>           |O<23>          |   15.483|
A<3>           |O<24>          |   15.255|
A<3>           |O<25>          |   14.966|
A<3>           |O<26>          |   14.511|
A<3>           |O<27>          |   15.307|
A<3>           |O<28>          |   14.894|
A<3>           |O<29>          |   15.894|
A<3>           |O<30>          |   15.865|
A<3>           |O<31>          |   15.803|
A<4>           |O<4>           |   12.871|
A<4>           |O<5>           |   11.686|
A<4>           |O<6>           |   13.814|
A<4>           |O<7>           |   13.363|
A<4>           |O<8>           |   13.423|
A<4>           |O<9>           |   12.433|
A<4>           |O<10>          |   12.944|
A<4>           |O<11>          |   13.739|
A<4>           |O<12>          |   13.642|
A<4>           |O<13>          |   14.020|
A<4>           |O<14>          |   13.392|
A<4>           |O<15>          |   15.028|
A<4>           |O<16>          |   14.222|
A<4>           |O<17>          |   13.610|
A<4>           |O<18>          |   14.406|
A<4>           |O<19>          |   16.593|
A<4>           |O<20>          |   14.649|
A<4>           |O<21>          |   15.249|
A<4>           |O<22>          |   13.485|
A<4>           |O<23>          |   14.165|
A<4>           |O<24>          |   13.937|
A<4>           |O<25>          |   13.648|
A<4>           |O<26>          |   13.193|
A<4>           |O<27>          |   13.989|
A<4>           |O<28>          |   13.576|
A<4>           |O<29>          |   14.576|
A<4>           |O<30>          |   14.547|
A<4>           |O<31>          |   14.485|
A<5>           |O<5>           |   11.919|
A<5>           |O<6>           |   14.515|
A<5>           |O<7>           |   14.064|
A<5>           |O<8>           |   14.124|
A<5>           |O<9>           |   13.134|
A<5>           |O<10>          |   13.645|
A<5>           |O<11>          |   14.440|
A<5>           |O<12>          |   14.343|
A<5>           |O<13>          |   14.721|
A<5>           |O<14>          |   14.093|
A<5>           |O<15>          |   15.729|
A<5>           |O<16>          |   14.923|
A<5>           |O<17>          |   14.311|
A<5>           |O<18>          |   15.107|
A<5>           |O<19>          |   17.294|
A<5>           |O<20>          |   15.350|
A<5>           |O<21>          |   15.950|
A<5>           |O<22>          |   14.186|
A<5>           |O<23>          |   14.866|
A<5>           |O<24>          |   14.638|
A<5>           |O<25>          |   14.349|
A<5>           |O<26>          |   13.894|
A<5>           |O<27>          |   14.690|
A<5>           |O<28>          |   14.277|
A<5>           |O<29>          |   15.277|
A<5>           |O<30>          |   15.248|
A<5>           |O<31>          |   15.186|
A<6>           |O<6>           |   12.721|
A<6>           |O<7>           |   12.744|
A<6>           |O<8>           |   12.880|
A<6>           |O<9>           |   11.890|
A<6>           |O<10>          |   12.401|
A<6>           |O<11>          |   13.196|
A<6>           |O<12>          |   13.099|
A<6>           |O<13>          |   13.477|
A<6>           |O<14>          |   12.849|
A<6>           |O<15>          |   14.485|
A<6>           |O<16>          |   13.679|
A<6>           |O<17>          |   13.067|
A<6>           |O<18>          |   13.863|
A<6>           |O<19>          |   16.050|
A<6>           |O<20>          |   14.106|
A<6>           |O<21>          |   14.706|
A<6>           |O<22>          |   12.942|
A<6>           |O<23>          |   13.622|
A<6>           |O<24>          |   13.394|
A<6>           |O<25>          |   13.105|
A<6>           |O<26>          |   12.650|
A<6>           |O<27>          |   13.446|
A<6>           |O<28>          |   13.033|
A<6>           |O<29>          |   14.033|
A<6>           |O<30>          |   14.004|
A<6>           |O<31>          |   13.942|
A<7>           |O<7>           |   12.798|
A<7>           |O<8>           |   13.402|
A<7>           |O<9>           |   12.412|
A<7>           |O<10>          |   12.923|
A<7>           |O<11>          |   13.718|
A<7>           |O<12>          |   13.621|
A<7>           |O<13>          |   13.999|
A<7>           |O<14>          |   13.371|
A<7>           |O<15>          |   15.007|
A<7>           |O<16>          |   14.201|
A<7>           |O<17>          |   13.589|
A<7>           |O<18>          |   14.385|
A<7>           |O<19>          |   16.572|
A<7>           |O<20>          |   14.628|
A<7>           |O<21>          |   15.228|
A<7>           |O<22>          |   13.464|
A<7>           |O<23>          |   14.144|
A<7>           |O<24>          |   13.916|
A<7>           |O<25>          |   13.627|
A<7>           |O<26>          |   13.172|
A<7>           |O<27>          |   13.968|
A<7>           |O<28>          |   13.555|
A<7>           |O<29>          |   14.555|
A<7>           |O<30>          |   14.526|
A<7>           |O<31>          |   14.464|
A<8>           |O<8>           |   12.685|
A<8>           |O<9>           |   12.169|
A<8>           |O<10>          |   12.756|
A<8>           |O<11>          |   13.551|
A<8>           |O<12>          |   13.454|
A<8>           |O<13>          |   13.832|
A<8>           |O<14>          |   13.204|
A<8>           |O<15>          |   14.840|
A<8>           |O<16>          |   14.034|
A<8>           |O<17>          |   13.422|
A<8>           |O<18>          |   14.218|
A<8>           |O<19>          |   16.405|
A<8>           |O<20>          |   14.461|
A<8>           |O<21>          |   15.061|
A<8>           |O<22>          |   13.297|
A<8>           |O<23>          |   13.977|
A<8>           |O<24>          |   13.749|
A<8>           |O<25>          |   13.460|
A<8>           |O<26>          |   13.005|
A<8>           |O<27>          |   13.801|
A<8>           |O<28>          |   13.388|
A<8>           |O<29>          |   14.388|
A<8>           |O<30>          |   14.359|
A<8>           |O<31>          |   14.297|
A<9>           |O<9>           |   11.386|
A<9>           |O<10>          |   12.441|
A<9>           |O<11>          |   13.236|
A<9>           |O<12>          |   13.139|
A<9>           |O<13>          |   13.517|
A<9>           |O<14>          |   12.889|
A<9>           |O<15>          |   14.525|
A<9>           |O<16>          |   13.719|
A<9>           |O<17>          |   13.107|
A<9>           |O<18>          |   13.903|
A<9>           |O<19>          |   16.090|
A<9>           |O<20>          |   14.146|
A<9>           |O<21>          |   14.746|
A<9>           |O<22>          |   12.982|
A<9>           |O<23>          |   13.662|
A<9>           |O<24>          |   13.434|
A<9>           |O<25>          |   13.145|
A<9>           |O<26>          |   12.690|
A<9>           |O<27>          |   13.486|
A<9>           |O<28>          |   13.073|
A<9>           |O<29>          |   14.073|
A<9>           |O<30>          |   14.044|
A<9>           |O<31>          |   13.982|
A<10>          |O<10>          |   12.100|
A<10>          |O<11>          |   13.369|
A<10>          |O<12>          |   13.348|
A<10>          |O<13>          |   13.726|
A<10>          |O<14>          |   13.098|
A<10>          |O<15>          |   14.734|
A<10>          |O<16>          |   13.928|
A<10>          |O<17>          |   13.316|
A<10>          |O<18>          |   14.112|
A<10>          |O<19>          |   16.299|
A<10>          |O<20>          |   14.355|
A<10>          |O<21>          |   14.955|
A<10>          |O<22>          |   13.191|
A<10>          |O<23>          |   13.871|
A<10>          |O<24>          |   13.643|
A<10>          |O<25>          |   13.354|
A<10>          |O<26>          |   12.899|
A<10>          |O<27>          |   13.695|
A<10>          |O<28>          |   13.282|
A<10>          |O<29>          |   14.282|
A<10>          |O<30>          |   14.253|
A<10>          |O<31>          |   14.191|
A<11>          |O<11>          |   12.483|
A<11>          |O<12>          |   12.930|
A<11>          |O<13>          |   13.308|
A<11>          |O<14>          |   12.680|
A<11>          |O<15>          |   14.316|
A<11>          |O<16>          |   13.510|
A<11>          |O<17>          |   12.898|
A<11>          |O<18>          |   13.694|
A<11>          |O<19>          |   15.881|
A<11>          |O<20>          |   13.937|
A<11>          |O<21>          |   14.537|
A<11>          |O<22>          |   12.773|
A<11>          |O<23>          |   13.453|
A<11>          |O<24>          |   13.225|
A<11>          |O<25>          |   12.936|
A<11>          |O<26>          |   12.481|
A<11>          |O<27>          |   13.277|
A<11>          |O<28>          |   12.864|
A<11>          |O<29>          |   13.864|
A<11>          |O<30>          |   13.835|
A<11>          |O<31>          |   13.773|
A<12>          |O<12>          |   13.458|
A<12>          |O<13>          |   14.310|
A<12>          |O<14>          |   13.758|
A<12>          |O<15>          |   15.394|
A<12>          |O<16>          |   14.588|
A<12>          |O<17>          |   13.976|
A<12>          |O<18>          |   14.772|
A<12>          |O<19>          |   16.959|
A<12>          |O<20>          |   15.015|
A<12>          |O<21>          |   15.615|
A<12>          |O<22>          |   13.851|
A<12>          |O<23>          |   14.531|
A<12>          |O<24>          |   14.303|
A<12>          |O<25>          |   14.014|
A<12>          |O<26>          |   13.559|
A<12>          |O<27>          |   14.355|
A<12>          |O<28>          |   13.942|
A<12>          |O<29>          |   14.942|
A<12>          |O<30>          |   14.913|
A<12>          |O<31>          |   14.851|
A<13>          |O<13>          |   14.463|
A<13>          |O<14>          |   14.379|
A<13>          |O<15>          |   16.015|
A<13>          |O<16>          |   15.209|
A<13>          |O<17>          |   14.597|
A<13>          |O<18>          |   15.393|
A<13>          |O<19>          |   17.580|
A<13>          |O<20>          |   15.636|
A<13>          |O<21>          |   16.236|
A<13>          |O<22>          |   14.472|
A<13>          |O<23>          |   15.152|
A<13>          |O<24>          |   14.924|
A<13>          |O<25>          |   14.635|
A<13>          |O<26>          |   14.180|
A<13>          |O<27>          |   14.976|
A<13>          |O<28>          |   14.563|
A<13>          |O<29>          |   15.563|
A<13>          |O<30>          |   15.534|
A<13>          |O<31>          |   15.472|
A<14>          |O<14>          |   11.808|
A<14>          |O<15>          |   13.918|
A<14>          |O<16>          |   13.188|
A<14>          |O<17>          |   12.576|
A<14>          |O<18>          |   13.372|
A<14>          |O<19>          |   15.559|
A<14>          |O<20>          |   13.615|
A<14>          |O<21>          |   14.215|
A<14>          |O<22>          |   12.451|
A<14>          |O<23>          |   13.131|
A<14>          |O<24>          |   12.903|
A<14>          |O<25>          |   12.614|
A<14>          |O<26>          |   12.159|
A<14>          |O<27>          |   12.955|
A<14>          |O<28>          |   12.542|
A<14>          |O<29>          |   13.542|
A<14>          |O<30>          |   13.513|
A<14>          |O<31>          |   13.451|
A<15>          |O<15>          |   13.768|
A<15>          |O<16>          |   13.506|
A<15>          |O<17>          |   12.894|
A<15>          |O<18>          |   13.690|
A<15>          |O<19>          |   15.877|
A<15>          |O<20>          |   13.933|
A<15>          |O<21>          |   14.533|
A<15>          |O<22>          |   12.769|
A<15>          |O<23>          |   13.449|
A<15>          |O<24>          |   13.221|
A<15>          |O<25>          |   12.932|
A<15>          |O<26>          |   12.477|
A<15>          |O<27>          |   13.273|
A<15>          |O<28>          |   12.860|
A<15>          |O<29>          |   13.860|
A<15>          |O<30>          |   13.831|
A<15>          |O<31>          |   13.769|
A<16>          |O<16>          |   12.675|
A<16>          |O<17>          |   12.537|
A<16>          |O<18>          |   13.409|
A<16>          |O<19>          |   15.596|
A<16>          |O<20>          |   13.652|
A<16>          |O<21>          |   14.252|
A<16>          |O<22>          |   12.488|
A<16>          |O<23>          |   13.168|
A<16>          |O<24>          |   12.940|
A<16>          |O<25>          |   12.651|
A<16>          |O<26>          |   12.196|
A<16>          |O<27>          |   12.992|
A<16>          |O<28>          |   12.579|
A<16>          |O<29>          |   13.579|
A<16>          |O<30>          |   13.550|
A<16>          |O<31>          |   13.488|
A<17>          |O<17>          |   12.412|
A<17>          |O<18>          |   13.752|
A<17>          |O<19>          |   15.939|
A<17>          |O<20>          |   13.995|
A<17>          |O<21>          |   14.595|
A<17>          |O<22>          |   12.831|
A<17>          |O<23>          |   13.511|
A<17>          |O<24>          |   13.283|
A<17>          |O<25>          |   12.994|
A<17>          |O<26>          |   12.539|
A<17>          |O<27>          |   13.335|
A<17>          |O<28>          |   12.922|
A<17>          |O<29>          |   13.922|
A<17>          |O<30>          |   13.893|
A<17>          |O<31>          |   13.831|
A<18>          |O<18>          |   12.773|
A<18>          |O<19>          |   15.434|
A<18>          |O<20>          |   13.566|
A<18>          |O<21>          |   14.166|
A<18>          |O<22>          |   12.402|
A<18>          |O<23>          |   13.082|
A<18>          |O<24>          |   12.854|
A<18>          |O<25>          |   12.565|
A<18>          |O<26>          |   12.110|
A<18>          |O<27>          |   12.906|
A<18>          |O<28>          |   12.493|
A<18>          |O<29>          |   13.493|
A<18>          |O<30>          |   13.464|
A<18>          |O<31>          |   13.402|
A<19>          |O<19>          |   16.445|
A<19>          |O<20>          |   15.045|
A<19>          |O<21>          |   15.645|
A<19>          |O<22>          |   13.881|
A<19>          |O<23>          |   14.561|
A<19>          |O<24>          |   14.333|
A<19>          |O<25>          |   14.044|
A<19>          |O<26>          |   13.589|
A<19>          |O<27>          |   14.385|
A<19>          |O<28>          |   13.972|
A<19>          |O<29>          |   14.972|
A<19>          |O<30>          |   14.943|
A<19>          |O<31>          |   14.881|
A<20>          |O<20>          |   12.978|
A<20>          |O<21>          |   14.052|
A<20>          |O<22>          |   12.364|
A<20>          |O<23>          |   13.044|
A<20>          |O<24>          |   12.816|
A<20>          |O<25>          |   12.527|
A<20>          |O<26>          |   12.072|
A<20>          |O<27>          |   12.868|
A<20>          |O<28>          |   12.455|
A<20>          |O<29>          |   13.455|
A<20>          |O<30>          |   13.426|
A<20>          |O<31>          |   13.364|
A<21>          |O<21>          |   13.609|
A<21>          |O<22>          |   12.389|
A<21>          |O<23>          |   13.069|
A<21>          |O<24>          |   12.841|
A<21>          |O<25>          |   12.552|
A<21>          |O<26>          |   12.097|
A<21>          |O<27>          |   12.893|
A<21>          |O<28>          |   12.480|
A<21>          |O<29>          |   13.480|
A<21>          |O<30>          |   13.451|
A<21>          |O<31>          |   13.389|
A<22>          |O<22>          |   11.637|
A<22>          |O<23>          |   12.791|
A<22>          |O<24>          |   12.639|
A<22>          |O<25>          |   12.350|
A<22>          |O<26>          |   11.895|
A<22>          |O<27>          |   12.691|
A<22>          |O<28>          |   12.278|
A<22>          |O<29>          |   13.278|
A<22>          |O<30>          |   13.249|
A<22>          |O<31>          |   13.187|
A<23>          |O<23>          |   12.011|
A<23>          |O<24>          |   12.327|
A<23>          |O<25>          |   12.038|
A<23>          |O<26>          |   11.583|
A<23>          |O<27>          |   12.379|
A<23>          |O<28>          |   11.966|
A<23>          |O<29>          |   12.966|
A<23>          |O<30>          |   12.937|
A<23>          |O<31>          |   12.875|
A<24>          |O<24>          |   11.402|
A<24>          |O<25>          |   11.587|
A<24>          |O<26>          |   11.208|
A<24>          |O<27>          |   12.004|
A<24>          |O<28>          |   11.591|
A<24>          |O<29>          |   12.591|
A<24>          |O<30>          |   12.562|
A<24>          |O<31>          |   12.500|
A<25>          |O<25>          |   11.192|
A<25>          |O<26>          |   11.281|
A<25>          |O<27>          |   12.077|
A<25>          |O<28>          |   11.664|
A<25>          |O<29>          |   12.664|
A<25>          |O<30>          |   12.635|
A<25>          |O<31>          |   12.573|
A<26>          |O<26>          |   10.053|
A<26>          |O<27>          |   11.323|
A<26>          |O<28>          |   10.986|
A<26>          |O<29>          |   11.986|
A<26>          |O<30>          |   11.957|
A<26>          |O<31>          |   11.895|
A<27>          |O<27>          |   11.669|
A<27>          |O<28>          |   11.800|
A<27>          |O<29>          |   12.800|
A<27>          |O<30>          |   12.771|
A<27>          |O<31>          |   12.709|
A<28>          |O<28>          |   12.002|
A<28>          |O<29>          |   13.476|
A<28>          |O<30>          |   13.523|
A<28>          |O<31>          |   13.461|
A<29>          |O<29>          |   12.711|
A<29>          |O<30>          |   13.226|
A<29>          |O<31>          |   13.164|
A<30>          |O<30>          |   12.808|
A<30>          |O<31>          |   13.220|
A<31>          |O<31>          |   11.881|
B<0>           |O<0>           |   11.228|
B<0>           |O<1>           |   13.250|
B<0>           |O<2>           |   12.275|
B<0>           |O<3>           |   12.801|
B<0>           |O<4>           |   13.444|
B<0>           |O<5>           |   11.785|
B<0>           |O<6>           |   13.837|
B<0>           |O<7>           |   13.386|
B<0>           |O<8>           |   13.446|
B<0>           |O<9>           |   12.456|
B<0>           |O<10>          |   12.967|
B<0>           |O<11>          |   13.762|
B<0>           |O<12>          |   13.665|
B<0>           |O<13>          |   14.043|
B<0>           |O<14>          |   13.415|
B<0>           |O<15>          |   15.051|
B<0>           |O<16>          |   14.245|
B<0>           |O<17>          |   13.633|
B<0>           |O<18>          |   14.429|
B<0>           |O<19>          |   16.616|
B<0>           |O<20>          |   14.672|
B<0>           |O<21>          |   15.272|
B<0>           |O<22>          |   13.508|
B<0>           |O<23>          |   14.188|
B<0>           |O<24>          |   13.960|
B<0>           |O<25>          |   13.671|
B<0>           |O<26>          |   13.216|
B<0>           |O<27>          |   14.012|
B<0>           |O<28>          |   13.599|
B<0>           |O<29>          |   14.599|
B<0>           |O<30>          |   14.570|
B<0>           |O<31>          |   14.508|
B<1>           |O<1>           |   12.036|
B<1>           |O<2>           |   11.529|
B<1>           |O<3>           |   12.055|
B<1>           |O<4>           |   12.698|
B<1>           |O<5>           |   11.039|
B<1>           |O<6>           |   13.091|
B<1>           |O<7>           |   12.640|
B<1>           |O<8>           |   12.700|
B<1>           |O<9>           |   11.710|
B<1>           |O<10>          |   12.221|
B<1>           |O<11>          |   13.016|
B<1>           |O<12>          |   12.919|
B<1>           |O<13>          |   13.297|
B<1>           |O<14>          |   12.669|
B<1>           |O<15>          |   14.305|
B<1>           |O<16>          |   13.499|
B<1>           |O<17>          |   12.887|
B<1>           |O<18>          |   13.683|
B<1>           |O<19>          |   15.870|
B<1>           |O<20>          |   13.926|
B<1>           |O<21>          |   14.526|
B<1>           |O<22>          |   12.762|
B<1>           |O<23>          |   13.442|
B<1>           |O<24>          |   13.214|
B<1>           |O<25>          |   12.925|
B<1>           |O<26>          |   12.470|
B<1>           |O<27>          |   13.266|
B<1>           |O<28>          |   12.853|
B<1>           |O<29>          |   13.853|
B<1>           |O<30>          |   13.824|
B<1>           |O<31>          |   13.762|
B<2>           |O<2>           |   10.887|
B<2>           |O<3>           |   11.887|
B<2>           |O<4>           |   12.606|
B<2>           |O<5>           |   10.947|
B<2>           |O<6>           |   12.999|
B<2>           |O<7>           |   12.548|
B<2>           |O<8>           |   12.608|
B<2>           |O<9>           |   11.618|
B<2>           |O<10>          |   12.129|
B<2>           |O<11>          |   12.924|
B<2>           |O<12>          |   12.827|
B<2>           |O<13>          |   13.205|
B<2>           |O<14>          |   12.577|
B<2>           |O<15>          |   14.213|
B<2>           |O<16>          |   13.407|
B<2>           |O<17>          |   12.795|
B<2>           |O<18>          |   13.591|
B<2>           |O<19>          |   15.778|
B<2>           |O<20>          |   13.834|
B<2>           |O<21>          |   14.434|
B<2>           |O<22>          |   12.670|
B<2>           |O<23>          |   13.350|
B<2>           |O<24>          |   13.122|
B<2>           |O<25>          |   12.833|
B<2>           |O<26>          |   12.378|
B<2>           |O<27>          |   13.174|
B<2>           |O<28>          |   12.761|
B<2>           |O<29>          |   13.761|
B<2>           |O<30>          |   13.732|
B<2>           |O<31>          |   13.670|
B<3>           |O<3>           |   11.565|
B<3>           |O<4>           |   12.752|
B<3>           |O<5>           |   11.093|
B<3>           |O<6>           |   13.145|
B<3>           |O<7>           |   12.694|
B<3>           |O<8>           |   12.754|
B<3>           |O<9>           |   11.764|
B<3>           |O<10>          |   12.275|
B<3>           |O<11>          |   13.070|
B<3>           |O<12>          |   12.973|
B<3>           |O<13>          |   13.351|
B<3>           |O<14>          |   12.723|
B<3>           |O<15>          |   14.359|
B<3>           |O<16>          |   13.553|
B<3>           |O<17>          |   12.941|
B<3>           |O<18>          |   13.737|
B<3>           |O<19>          |   15.924|
B<3>           |O<20>          |   13.980|
B<3>           |O<21>          |   14.580|
B<3>           |O<22>          |   12.816|
B<3>           |O<23>          |   13.496|
B<3>           |O<24>          |   13.268|
B<3>           |O<25>          |   12.979|
B<3>           |O<26>          |   12.524|
B<3>           |O<27>          |   13.320|
B<3>           |O<28>          |   12.907|
B<3>           |O<29>          |   13.907|
B<3>           |O<30>          |   13.878|
B<3>           |O<31>          |   13.816|
B<4>           |O<4>           |   13.664|
B<4>           |O<5>           |   12.479|
B<4>           |O<6>           |   14.607|
B<4>           |O<7>           |   14.156|
B<4>           |O<8>           |   14.216|
B<4>           |O<9>           |   13.226|
B<4>           |O<10>          |   13.737|
B<4>           |O<11>          |   14.532|
B<4>           |O<12>          |   14.435|
B<4>           |O<13>          |   14.813|
B<4>           |O<14>          |   14.185|
B<4>           |O<15>          |   15.821|
B<4>           |O<16>          |   15.015|
B<4>           |O<17>          |   14.403|
B<4>           |O<18>          |   15.199|
B<4>           |O<19>          |   17.386|
B<4>           |O<20>          |   15.442|
B<4>           |O<21>          |   16.042|
B<4>           |O<22>          |   14.278|
B<4>           |O<23>          |   14.958|
B<4>           |O<24>          |   14.730|
B<4>           |O<25>          |   14.441|
B<4>           |O<26>          |   13.986|
B<4>           |O<27>          |   14.782|
B<4>           |O<28>          |   14.369|
B<4>           |O<29>          |   15.369|
B<4>           |O<30>          |   15.340|
B<4>           |O<31>          |   15.278|
B<5>           |O<5>           |   10.319|
B<5>           |O<6>           |   12.915|
B<5>           |O<7>           |   12.464|
B<5>           |O<8>           |   12.524|
B<5>           |O<9>           |   11.534|
B<5>           |O<10>          |   12.045|
B<5>           |O<11>          |   12.840|
B<5>           |O<12>          |   12.743|
B<5>           |O<13>          |   13.121|
B<5>           |O<14>          |   12.493|
B<5>           |O<15>          |   14.129|
B<5>           |O<16>          |   13.323|
B<5>           |O<17>          |   12.711|
B<5>           |O<18>          |   13.507|
B<5>           |O<19>          |   15.694|
B<5>           |O<20>          |   13.750|
B<5>           |O<21>          |   14.350|
B<5>           |O<22>          |   12.586|
B<5>           |O<23>          |   13.266|
B<5>           |O<24>          |   13.038|
B<5>           |O<25>          |   12.749|
B<5>           |O<26>          |   12.294|
B<5>           |O<27>          |   13.090|
B<5>           |O<28>          |   12.677|
B<5>           |O<29>          |   13.677|
B<5>           |O<30>          |   13.648|
B<5>           |O<31>          |   13.586|
B<6>           |O<6>           |   12.198|
B<6>           |O<7>           |   12.221|
B<6>           |O<8>           |   12.357|
B<6>           |O<9>           |   11.367|
B<6>           |O<10>          |   11.878|
B<6>           |O<11>          |   12.673|
B<6>           |O<12>          |   12.576|
B<6>           |O<13>          |   12.954|
B<6>           |O<14>          |   12.326|
B<6>           |O<15>          |   13.962|
B<6>           |O<16>          |   13.156|
B<6>           |O<17>          |   12.544|
B<6>           |O<18>          |   13.340|
B<6>           |O<19>          |   15.527|
B<6>           |O<20>          |   13.583|
B<6>           |O<21>          |   14.183|
B<6>           |O<22>          |   12.419|
B<6>           |O<23>          |   13.099|
B<6>           |O<24>          |   12.871|
B<6>           |O<25>          |   12.582|
B<6>           |O<26>          |   12.127|
B<6>           |O<27>          |   12.923|
B<6>           |O<28>          |   12.510|
B<6>           |O<29>          |   13.510|
B<6>           |O<30>          |   13.481|
B<6>           |O<31>          |   13.419|
B<7>           |O<7>           |   12.496|
B<7>           |O<8>           |   13.100|
B<7>           |O<9>           |   12.110|
B<7>           |O<10>          |   12.621|
B<7>           |O<11>          |   13.416|
B<7>           |O<12>          |   13.319|
B<7>           |O<13>          |   13.697|
B<7>           |O<14>          |   13.069|
B<7>           |O<15>          |   14.705|
B<7>           |O<16>          |   13.899|
B<7>           |O<17>          |   13.287|
B<7>           |O<18>          |   14.083|
B<7>           |O<19>          |   16.270|
B<7>           |O<20>          |   14.326|
B<7>           |O<21>          |   14.926|
B<7>           |O<22>          |   13.162|
B<7>           |O<23>          |   13.842|
B<7>           |O<24>          |   13.614|
B<7>           |O<25>          |   13.325|
B<7>           |O<26>          |   12.870|
B<7>           |O<27>          |   13.666|
B<7>           |O<28>          |   13.253|
B<7>           |O<29>          |   14.253|
B<7>           |O<30>          |   14.224|
B<7>           |O<31>          |   14.162|
B<8>           |O<8>           |   11.982|
B<8>           |O<9>           |   11.466|
B<8>           |O<10>          |   12.053|
B<8>           |O<11>          |   12.848|
B<8>           |O<12>          |   12.751|
B<8>           |O<13>          |   13.129|
B<8>           |O<14>          |   12.501|
B<8>           |O<15>          |   14.137|
B<8>           |O<16>          |   13.331|
B<8>           |O<17>          |   12.719|
B<8>           |O<18>          |   13.515|
B<8>           |O<19>          |   15.702|
B<8>           |O<20>          |   13.758|
B<8>           |O<21>          |   14.358|
B<8>           |O<22>          |   12.594|
B<8>           |O<23>          |   13.274|
B<8>           |O<24>          |   13.046|
B<8>           |O<25>          |   12.757|
B<8>           |O<26>          |   12.302|
B<8>           |O<27>          |   13.098|
B<8>           |O<28>          |   12.685|
B<8>           |O<29>          |   13.685|
B<8>           |O<30>          |   13.656|
B<8>           |O<31>          |   13.594|
B<9>           |O<9>           |   10.559|
B<9>           |O<10>          |   11.614|
B<9>           |O<11>          |   12.409|
B<9>           |O<12>          |   12.312|
B<9>           |O<13>          |   12.690|
B<9>           |O<14>          |   12.062|
B<9>           |O<15>          |   13.698|
B<9>           |O<16>          |   12.892|
B<9>           |O<17>          |   12.280|
B<9>           |O<18>          |   13.076|
B<9>           |O<19>          |   15.263|
B<9>           |O<20>          |   13.319|
B<9>           |O<21>          |   13.919|
B<9>           |O<22>          |   12.155|
B<9>           |O<23>          |   12.835|
B<9>           |O<24>          |   12.607|
B<9>           |O<25>          |   12.318|
B<9>           |O<26>          |   11.863|
B<9>           |O<27>          |   12.659|
B<9>           |O<28>          |   12.246|
B<9>           |O<29>          |   13.246|
B<9>           |O<30>          |   13.217|
B<9>           |O<31>          |   13.155|
B<10>          |O<10>          |   11.254|
B<10>          |O<11>          |   12.523|
B<10>          |O<12>          |   12.502|
B<10>          |O<13>          |   12.880|
B<10>          |O<14>          |   12.252|
B<10>          |O<15>          |   13.888|
B<10>          |O<16>          |   13.082|
B<10>          |O<17>          |   12.470|
B<10>          |O<18>          |   13.266|
B<10>          |O<19>          |   15.453|
B<10>          |O<20>          |   13.509|
B<10>          |O<21>          |   14.109|
B<10>          |O<22>          |   12.345|
B<10>          |O<23>          |   13.025|
B<10>          |O<24>          |   12.797|
B<10>          |O<25>          |   12.508|
B<10>          |O<26>          |   12.053|
B<10>          |O<27>          |   12.849|
B<10>          |O<28>          |   12.436|
B<10>          |O<29>          |   13.436|
B<10>          |O<30>          |   13.407|
B<10>          |O<31>          |   13.345|
B<11>          |O<11>          |   12.378|
B<11>          |O<12>          |   12.825|
B<11>          |O<13>          |   13.203|
B<11>          |O<14>          |   12.575|
B<11>          |O<15>          |   14.211|
B<11>          |O<16>          |   13.405|
B<11>          |O<17>          |   12.793|
B<11>          |O<18>          |   13.589|
B<11>          |O<19>          |   15.776|
B<11>          |O<20>          |   13.832|
B<11>          |O<21>          |   14.432|
B<11>          |O<22>          |   12.668|
B<11>          |O<23>          |   13.348|
B<11>          |O<24>          |   13.120|
B<11>          |O<25>          |   12.831|
B<11>          |O<26>          |   12.376|
B<11>          |O<27>          |   13.172|
B<11>          |O<28>          |   12.759|
B<11>          |O<29>          |   13.759|
B<11>          |O<30>          |   13.730|
B<11>          |O<31>          |   13.668|
B<12>          |O<12>          |   12.779|
B<12>          |O<13>          |   13.631|
B<12>          |O<14>          |   13.079|
B<12>          |O<15>          |   14.715|
B<12>          |O<16>          |   13.909|
B<12>          |O<17>          |   13.297|
B<12>          |O<18>          |   14.093|
B<12>          |O<19>          |   16.280|
B<12>          |O<20>          |   14.336|
B<12>          |O<21>          |   14.936|
B<12>          |O<22>          |   13.172|
B<12>          |O<23>          |   13.852|
B<12>          |O<24>          |   13.624|
B<12>          |O<25>          |   13.335|
B<12>          |O<26>          |   12.880|
B<12>          |O<27>          |   13.676|
B<12>          |O<28>          |   13.263|
B<12>          |O<29>          |   14.263|
B<12>          |O<30>          |   14.234|
B<12>          |O<31>          |   14.172|
B<13>          |O<13>          |   13.124|
B<13>          |O<14>          |   13.040|
B<13>          |O<15>          |   14.676|
B<13>          |O<16>          |   13.870|
B<13>          |O<17>          |   13.258|
B<13>          |O<18>          |   14.054|
B<13>          |O<19>          |   16.241|
B<13>          |O<20>          |   14.297|
B<13>          |O<21>          |   14.897|
B<13>          |O<22>          |   13.133|
B<13>          |O<23>          |   13.813|
B<13>          |O<24>          |   13.585|
B<13>          |O<25>          |   13.296|
B<13>          |O<26>          |   12.841|
B<13>          |O<27>          |   13.637|
B<13>          |O<28>          |   13.224|
B<13>          |O<29>          |   14.224|
B<13>          |O<30>          |   14.195|
B<13>          |O<31>          |   14.133|
B<14>          |O<14>          |   11.469|
B<14>          |O<15>          |   13.579|
B<14>          |O<16>          |   12.849|
B<14>          |O<17>          |   12.237|
B<14>          |O<18>          |   13.033|
B<14>          |O<19>          |   15.220|
B<14>          |O<20>          |   13.276|
B<14>          |O<21>          |   13.876|
B<14>          |O<22>          |   12.112|
B<14>          |O<23>          |   12.792|
B<14>          |O<24>          |   12.564|
B<14>          |O<25>          |   12.275|
B<14>          |O<26>          |   11.820|
B<14>          |O<27>          |   12.616|
B<14>          |O<28>          |   12.203|
B<14>          |O<29>          |   13.203|
B<14>          |O<30>          |   13.174|
B<14>          |O<31>          |   13.112|
B<15>          |O<15>          |   14.591|
B<15>          |O<16>          |   14.329|
B<15>          |O<17>          |   13.717|
B<15>          |O<18>          |   14.513|
B<15>          |O<19>          |   16.700|
B<15>          |O<20>          |   14.756|
B<15>          |O<21>          |   15.356|
B<15>          |O<22>          |   13.592|
B<15>          |O<23>          |   14.272|
B<15>          |O<24>          |   14.044|
B<15>          |O<25>          |   13.755|
B<15>          |O<26>          |   13.300|
B<15>          |O<27>          |   14.096|
B<15>          |O<28>          |   13.683|
B<15>          |O<29>          |   14.683|
B<15>          |O<30>          |   14.654|
B<15>          |O<31>          |   14.592|
B<16>          |O<16>          |   12.272|
B<16>          |O<17>          |   12.134|
B<16>          |O<18>          |   13.006|
B<16>          |O<19>          |   15.193|
B<16>          |O<20>          |   13.249|
B<16>          |O<21>          |   13.849|
B<16>          |O<22>          |   12.085|
B<16>          |O<23>          |   12.765|
B<16>          |O<24>          |   12.537|
B<16>          |O<25>          |   12.248|
B<16>          |O<26>          |   11.793|
B<16>          |O<27>          |   12.589|
B<16>          |O<28>          |   12.176|
B<16>          |O<29>          |   13.176|
B<16>          |O<30>          |   13.147|
B<16>          |O<31>          |   13.085|
B<17>          |O<17>          |   11.885|
B<17>          |O<18>          |   13.225|
B<17>          |O<19>          |   15.412|
B<17>          |O<20>          |   13.468|
B<17>          |O<21>          |   14.068|
B<17>          |O<22>          |   12.304|
B<17>          |O<23>          |   12.984|
B<17>          |O<24>          |   12.756|
B<17>          |O<25>          |   12.467|
B<17>          |O<26>          |   12.012|
B<17>          |O<27>          |   12.808|
B<17>          |O<28>          |   12.395|
B<17>          |O<29>          |   13.395|
B<17>          |O<30>          |   13.366|
B<17>          |O<31>          |   13.304|
B<18>          |O<18>          |   12.868|
B<18>          |O<19>          |   15.529|
B<18>          |O<20>          |   13.661|
B<18>          |O<21>          |   14.261|
B<18>          |O<22>          |   12.497|
B<18>          |O<23>          |   13.177|
B<18>          |O<24>          |   12.949|
B<18>          |O<25>          |   12.660|
B<18>          |O<26>          |   12.205|
B<18>          |O<27>          |   13.001|
B<18>          |O<28>          |   12.588|
B<18>          |O<29>          |   13.588|
B<18>          |O<30>          |   13.559|
B<18>          |O<31>          |   13.497|
B<19>          |O<19>          |   15.214|
B<19>          |O<20>          |   13.814|
B<19>          |O<21>          |   14.414|
B<19>          |O<22>          |   12.650|
B<19>          |O<23>          |   13.330|
B<19>          |O<24>          |   13.102|
B<19>          |O<25>          |   12.813|
B<19>          |O<26>          |   12.358|
B<19>          |O<27>          |   13.154|
B<19>          |O<28>          |   12.741|
B<19>          |O<29>          |   13.741|
B<19>          |O<30>          |   13.712|
B<19>          |O<31>          |   13.650|
B<20>          |O<20>          |   13.424|
B<20>          |O<21>          |   14.498|
B<20>          |O<22>          |   12.810|
B<20>          |O<23>          |   13.490|
B<20>          |O<24>          |   13.262|
B<20>          |O<25>          |   12.973|
B<20>          |O<26>          |   12.518|
B<20>          |O<27>          |   13.314|
B<20>          |O<28>          |   12.901|
B<20>          |O<29>          |   13.901|
B<20>          |O<30>          |   13.872|
B<20>          |O<31>          |   13.810|
B<21>          |O<21>          |   14.300|
B<21>          |O<22>          |   13.080|
B<21>          |O<23>          |   13.760|
B<21>          |O<24>          |   13.532|
B<21>          |O<25>          |   13.243|
B<21>          |O<26>          |   12.788|
B<21>          |O<27>          |   13.584|
B<21>          |O<28>          |   13.171|
B<21>          |O<29>          |   14.171|
B<21>          |O<30>          |   14.142|
B<21>          |O<31>          |   14.080|
B<22>          |O<22>          |   11.689|
B<22>          |O<23>          |   12.843|
B<22>          |O<24>          |   12.691|
B<22>          |O<25>          |   12.402|
B<22>          |O<26>          |   11.947|
B<22>          |O<27>          |   12.743|
B<22>          |O<28>          |   12.330|
B<22>          |O<29>          |   13.330|
B<22>          |O<30>          |   13.301|
B<22>          |O<31>          |   13.239|
B<23>          |O<23>          |   12.759|
B<23>          |O<24>          |   13.075|
B<23>          |O<25>          |   12.786|
B<23>          |O<26>          |   12.331|
B<23>          |O<27>          |   13.127|
B<23>          |O<28>          |   12.714|
B<23>          |O<29>          |   13.714|
B<23>          |O<30>          |   13.685|
B<23>          |O<31>          |   13.623|
B<24>          |O<24>          |   12.477|
B<24>          |O<25>          |   12.662|
B<24>          |O<26>          |   12.283|
B<24>          |O<27>          |   13.079|
B<24>          |O<28>          |   12.666|
B<24>          |O<29>          |   13.666|
B<24>          |O<30>          |   13.637|
B<24>          |O<31>          |   13.575|
B<25>          |O<25>          |   11.736|
B<25>          |O<26>          |   11.825|
B<25>          |O<27>          |   12.621|
B<25>          |O<28>          |   12.208|
B<25>          |O<29>          |   13.208|
B<25>          |O<30>          |   13.179|
B<25>          |O<31>          |   13.117|
B<26>          |O<26>          |   10.767|
B<26>          |O<27>          |   12.037|
B<26>          |O<28>          |   11.700|
B<26>          |O<29>          |   12.700|
B<26>          |O<30>          |   12.671|
B<26>          |O<31>          |   12.609|
B<27>          |O<27>          |   13.039|
B<27>          |O<28>          |   13.170|
B<27>          |O<29>          |   14.170|
B<27>          |O<30>          |   14.141|
B<27>          |O<31>          |   14.079|
B<28>          |O<28>          |   12.382|
B<28>          |O<29>          |   13.856|
B<28>          |O<30>          |   13.903|
B<28>          |O<31>          |   13.841|
B<29>          |O<29>          |   12.652|
B<29>          |O<30>          |   13.167|
B<29>          |O<31>          |   13.105|
B<30>          |O<30>          |   13.186|
B<30>          |O<31>          |   13.598|
B<31>          |O<31>          |   12.903|
Sel<0>         |O<0>           |   14.959|
Sel<0>         |O<1>           |   16.604|
Sel<0>         |O<2>           |   15.629|
Sel<0>         |O<3>           |   16.155|
Sel<0>         |O<4>           |   16.798|
Sel<0>         |O<5>           |   15.139|
Sel<0>         |O<6>           |   17.191|
Sel<0>         |O<7>           |   16.740|
Sel<0>         |O<8>           |   16.865|
Sel<0>         |O<9>           |   16.349|
Sel<0>         |O<10>          |   16.951|
Sel<0>         |O<11>          |   17.746|
Sel<0>         |O<12>          |   17.649|
Sel<0>         |O<13>          |   18.027|
Sel<0>         |O<14>          |   17.399|
Sel<0>         |O<15>          |   19.035|
Sel<0>         |O<16>          |   18.229|
Sel<0>         |O<17>          |   17.617|
Sel<0>         |O<18>          |   18.413|
Sel<0>         |O<19>          |   20.600|
Sel<0>         |O<20>          |   18.656|
Sel<0>         |O<21>          |   19.256|
Sel<0>         |O<22>          |   17.492|
Sel<0>         |O<23>          |   18.172|
Sel<0>         |O<24>          |   17.944|
Sel<0>         |O<25>          |   17.655|
Sel<0>         |O<26>          |   17.200|
Sel<0>         |O<27>          |   17.996|
Sel<0>         |O<28>          |   17.583|
Sel<0>         |O<29>          |   18.583|
Sel<0>         |O<30>          |   18.554|
Sel<0>         |O<31>          |   18.492|
Sel<1>         |O<0>           |   14.562|
Sel<1>         |O<1>           |   16.207|
Sel<1>         |O<2>           |   15.232|
Sel<1>         |O<3>           |   15.758|
Sel<1>         |O<4>           |   16.401|
Sel<1>         |O<5>           |   14.742|
Sel<1>         |O<6>           |   16.794|
Sel<1>         |O<7>           |   16.343|
Sel<1>         |O<8>           |   16.468|
Sel<1>         |O<9>           |   15.952|
Sel<1>         |O<10>          |   16.554|
Sel<1>         |O<11>          |   17.349|
Sel<1>         |O<12>          |   17.252|
Sel<1>         |O<13>          |   17.630|
Sel<1>         |O<14>          |   17.002|
Sel<1>         |O<15>          |   18.638|
Sel<1>         |O<16>          |   17.832|
Sel<1>         |O<17>          |   17.220|
Sel<1>         |O<18>          |   18.016|
Sel<1>         |O<19>          |   20.203|
Sel<1>         |O<20>          |   18.259|
Sel<1>         |O<21>          |   18.859|
Sel<1>         |O<22>          |   17.095|
Sel<1>         |O<23>          |   17.775|
Sel<1>         |O<24>          |   17.547|
Sel<1>         |O<25>          |   17.258|
Sel<1>         |O<26>          |   16.803|
Sel<1>         |O<27>          |   17.599|
Sel<1>         |O<28>          |   17.186|
Sel<1>         |O<29>          |   18.186|
Sel<1>         |O<30>          |   18.157|
Sel<1>         |O<31>          |   18.095|
Sel<2>         |O<0>           |   14.772|
Sel<2>         |O<1>           |   16.417|
Sel<2>         |O<2>           |   15.442|
Sel<2>         |O<3>           |   15.968|
Sel<2>         |O<4>           |   16.611|
Sel<2>         |O<5>           |   14.952|
Sel<2>         |O<6>           |   17.004|
Sel<2>         |O<7>           |   16.553|
Sel<2>         |O<8>           |   16.678|
Sel<2>         |O<9>           |   16.162|
Sel<2>         |O<10>          |   16.764|
Sel<2>         |O<11>          |   17.559|
Sel<2>         |O<12>          |   17.462|
Sel<2>         |O<13>          |   17.840|
Sel<2>         |O<14>          |   17.212|
Sel<2>         |O<15>          |   18.848|
Sel<2>         |O<16>          |   18.042|
Sel<2>         |O<17>          |   17.430|
Sel<2>         |O<18>          |   18.226|
Sel<2>         |O<19>          |   20.413|
Sel<2>         |O<20>          |   18.469|
Sel<2>         |O<21>          |   19.069|
Sel<2>         |O<22>          |   17.305|
Sel<2>         |O<23>          |   17.985|
Sel<2>         |O<24>          |   17.757|
Sel<2>         |O<25>          |   17.468|
Sel<2>         |O<26>          |   17.013|
Sel<2>         |O<27>          |   17.809|
Sel<2>         |O<28>          |   17.396|
Sel<2>         |O<29>          |   18.396|
Sel<2>         |O<30>          |   18.367|
Sel<2>         |O<31>          |   18.305|
---------------+---------------+---------+


Analysis completed Sat Jan 24 21:26:46 2026 
--------------------------------------------------------------------------------

Trace Settings:
-------------------------
Trace Settings 

Peak Memory Usage: 117 MB



